%!Adobe-FontList 1.20
%Locale:0x409

%BeginFont
Handler:DirectoryHandler
FontType:Invalid
OutlineFileName:/Users/lindsaymarsh/Desktop/Portfolio Builder Templates InDesign/InDesign Portfolio Builder Templates/A4 Size/Pdf-Portfolio-Template-Vertical-A4/Document fonts/.DS_Store
FileLength:6148
FileModTime:609708434
%EndFont

%BeginFont
Handler:DirectoryHandler
FontType:Invalid
OutlineFileName:/Users/lindsaymarsh/Desktop/Portfolio Builder Templates InDesign/InDesign Portfolio Builder Templates/A4 Size/Pdf-Portfolio-Template-Vertical-A4/Document fonts/AdobeFnt21.lst
FileLength:37
FileModTime:609708450
%EndFont

%BeginFont
Handler:DirectoryHandler
FontType:TrueType
FontName:Roboto-Black
FamilyName:Roboto
StyleName:Black
MenuName:Roboto Black
StyleBits:0
WeightClass:900
WidthClass:5
AngleClass:0
FullName:Roboto Black
WritingScript:Roman
OutlineFileName:/Users/lindsaymarsh/Desktop/Portfolio Builder Templates InDesign/InDesign Portfolio Builder Templates/A4 Size/Pdf-Portfolio-Template-Vertical-A4/Document fonts/Roboto-Black.ttf
DataFormat:sfntData
hasSVG:no
VariableFontType:NonVariableFont
FileLength:171072
FileModTime:379396800
NameArray:0,Win,1,Roboto Black
NameArray:0,Win,16,Roboto
%EndFont

%BeginFont
Handler:DirectoryHandler
FontType:TrueType
FontName:Roboto-Bold
FamilyName:Roboto
StyleName:Bold
MenuName:Roboto
StyleBits:2
WeightClass:700
WidthClass:5
AngleClass:0
FullName:Roboto Bold
WritingScript:Roman
OutlineFileName:/Users/lindsaymarsh/Desktop/Portfolio Builder Templates InDesign/InDesign Portfolio Builder Templates/A4 Size/Pdf-Portfolio-Template-Vertical-A4/Document fonts/Roboto-Bold.ttf
DataFormat:sfntData
hasSVG:no
VariableFontType:NonVariableFont
FileLength:170348
FileModTime:379396800
NameArray:0,Win,1,Roboto
%EndFont

%BeginFont
Handler:DirectoryHandler
FontType:TrueType
FontName:Roboto-Italic
FamilyName:Roboto
StyleName:Italic
MenuName:Roboto
StyleBits:1
WeightClass:400
WidthClass:5
AngleClass:1
FullName:Roboto Italic
WritingScript:Roman
OutlineFileName:/Users/lindsaymarsh/Desktop/Portfolio Builder Templates InDesign/InDesign Portfolio Builder Templates/A4 Size/Pdf-Portfolio-Template-Vertical-A4/Document fonts/Roboto-Italic.ttf
DataFormat:sfntData
hasSVG:no
VariableFontType:NonVariableFont
FileLength:173516
FileModTime:379396800
NameArray:0,Win,1,Roboto
%EndFont

%BeginFont
Handler:DirectoryHandler
FontType:TrueType
FontName:Roboto-LightItalic
FamilyName:Roboto
StyleName:Light Italic
MenuName:Roboto Light
StyleBits:1
WeightClass:300
WidthClass:5
AngleClass:1
FullName:Roboto Light Italic
WritingScript:Roman
OutlineFileName:/Users/lindsaymarsh/Desktop/Portfolio Builder Templates InDesign/InDesign Portfolio Builder Templates/A4 Size/Pdf-Portfolio-Template-Vertical-A4/Document fonts/Roboto-LightItalic.ttf
DataFormat:sfntData
hasSVG:no
VariableFontType:NonVariableFont
FileLength:176184
FileModTime:379396800
NameArray:0,Win,1,Roboto Light
NameArray:0,Win,16,Roboto
%EndFont

%BeginFont
Handler:DirectoryHandler
FontType:TrueType
FontName:Roboto-Medium
FamilyName:Roboto
StyleName:Medium
MenuName:Roboto Medium
StyleBits:0
WeightClass:500
WidthClass:5
AngleClass:0
FullName:Roboto Medium
WritingScript:Roman
OutlineFileName:/Users/lindsaymarsh/Desktop/Portfolio Builder Templates InDesign/InDesign Portfolio Builder Templates/A4 Size/Pdf-Portfolio-Template-Vertical-A4/Document fonts/Roboto-Medium.ttf
DataFormat:sfntData
hasSVG:no
VariableFontType:NonVariableFont
FileLength:171656
FileModTime:379396800
NameArray:0,Win,1,Roboto Medium
NameArray:0,Win,16,Roboto
%EndFont

%BeginFont
Handler:DirectoryHandler
FontType:TrueType
FontName:Roboto-MediumItalic
FamilyName:Roboto
StyleName:Medium Italic
MenuName:Roboto Medium
StyleBits:1
WeightClass:500
WidthClass:5
AngleClass:1
FullName:Roboto Medium Italic
WritingScript:Roman
OutlineFileName:/Users/lindsaymarsh/Desktop/Portfolio Builder Templates InDesign/InDesign Portfolio Builder Templates/A4 Size/Pdf-Portfolio-Template-Vertical-A4/Document fonts/Roboto-MediumItalic.ttf
DataFormat:sfntData
hasSVG:no
VariableFontType:NonVariableFont
FileLength:176428
FileModTime:379396800
NameArray:0,Win,1,Roboto Medium
NameArray:0,Win,16,Roboto
%EndFont

%BeginFont
Handler:DirectoryHandler
FontType:TrueType
FontName:Roboto-Regular
FamilyName:Roboto
StyleName:Regular
MenuName:Roboto
StyleBits:0
WeightClass:400
WidthClass:5
AngleClass:0
FullName:Roboto
WritingScript:Roman
OutlineFileName:/Users/lindsaymarsh/Desktop/Portfolio Builder Templates InDesign/InDesign Portfolio Builder Templates/A4 Size/Pdf-Portfolio-Template-Vertical-A4/Document fonts/Roboto-Regular.ttf
DataFormat:sfntData
hasSVG:no
VariableFontType:NonVariableFont
FileLength:171272
FileModTime:379396800
NameArray:0,Win,1,Roboto
%EndFont

